---
source: src/ast/doc_param_node.rs
expression: "@param requiredParamWithNoType\n@param {String} paramWithDescription - param with description and `punctation`. This is still a valid param description.\n@param {String} paramWithNoDescription\n@param {String} [optionalParameterWithTypeAndDescription] - optional parameter with type and description\n@param [optionalParameterWithDescription] - optional parameter description\n@param {String} [optionalParameterWithType]"
---
[
  {
    "type": "LiquidDocParamNode",
    "name": "param",
    "position": {
      "start": 10,
      "end": 40
    },
    "source": "@param requiredParamWithNoType",
    "paramName": {
      "type": "TextNode",
      "value": "requiredParamWithNoType",
      "position": {
        "start": 17,
        "end": 40
      },
      "source": "requiredParamWithNoType"
    },
    "paramDescription": null,
    "paramType": null,
    "required": true
  },
  {
    "type": "LiquidDocParamNode",
    "name": "param",
    "position": {
      "start": 41,
      "end": 161
    },
    "source": "@param {String} paramWithDescription - param with description and `punctation`. This is still a valid param description.",
    "paramName": {
      "type": "TextNode",
      "value": "paramWithDescription",
      "position": {
        "start": 57,
        "end": 77
      },
      "source": "paramWithDescription"
    },
    "paramDescription": {
      "type": "TextNode",
      "value": "param with description and `punctation`. This is still a valid param description.",
      "position": {
        "start": 80,
        "end": 161
      },
      "source": "param with description and `punctation`. This is still a valid param description."
    },
    "paramType": {
      "type": "TextNode",
      "value": "String",
      "position": {
        "start": 49,
        "end": 55
      },
      "source": "{String}"
    },
    "required": true
  },
  {
    "type": "LiquidDocParamNode",
    "name": "param",
    "position": {
      "start": 162,
      "end": 200
    },
    "source": "@param {String} paramWithNoDescription",
    "paramName": {
      "type": "TextNode",
      "value": "paramWithNoDescription",
      "position": {
        "start": 178,
        "end": 200
      },
      "source": "paramWithNoDescription"
    },
    "paramDescription": null,
    "paramType": {
      "type": "TextNode",
      "value": "String",
      "position": {
        "start": 170,
        "end": 176
      },
      "source": "{String}"
    },
    "required": true
  },
  {
    "type": "LiquidDocParamNode",
    "name": "param",
    "position": {
      "start": 201,
      "end": 305
    },
    "source": "@param {String} [optionalParameterWithTypeAndDescription] - optional parameter with type and description",
    "paramName": {
      "type": "TextNode",
      "value": "optionalParameterWithTypeAndDescription",
      "position": {
        "start": 218,
        "end": 257
      },
      "source": "[optionalParameterWithTypeAndDescription]"
    },
    "paramDescription": {
      "type": "TextNode",
      "value": "optional parameter with type and description",
      "position": {
        "start": 261,
        "end": 305
      },
      "source": "optional parameter with type and description"
    },
    "paramType": {
      "type": "TextNode",
      "value": "String",
      "position": {
        "start": 209,
        "end": 215
      },
      "source": "{String}"
    },
    "required": false
  },
  {
    "type": "LiquidDocParamNode",
    "name": "param",
    "position": {
      "start": 306,
      "end": 380
    },
    "source": "@param [optionalParameterWithDescription] - optional parameter description",
    "paramName": {
      "type": "TextNode",
      "value": "optionalParameterWithDescription",
      "position": {
        "start": 314,
        "end": 346
      },
      "source": "[optionalParameterWithDescription]"
    },
    "paramDescription": {
      "type": "TextNode",
      "value": "optional parameter description",
      "position": {
        "start": 350,
        "end": 380
      },
      "source": "optional parameter description"
    },
    "paramType": null,
    "required": false
  },
  {
    "type": "LiquidDocParamNode",
    "name": "param",
    "position": {
      "start": 381,
      "end": 424
    },
    "source": "@param {String} [optionalParameterWithType]",
    "paramName": {
      "type": "TextNode",
      "value": "optionalParameterWithType",
      "position": {
        "start": 398,
        "end": 423
      },
      "source": "[optionalParameterWithType]"
    },
    "paramDescription": null,
    "paramType": {
      "type": "TextNode",
      "value": "String",
      "position": {
        "start": 389,
        "end": 395
      },
      "source": "{String}"
    },
    "required": false
  }
]
